c:\users\ryhan khan\downloads\github\opengl-engine\opengl\bin\debug-windows-x86_64\orbitercore\orbitercore.pdb
c:\users\ryhan khan\downloads\github\opengl-engine\opengl\bin\debug-windows-x86_64\orbitercore\orbitercore.idb
c:\users\ryhan khan\downloads\github\opengl-engine\opengl\bin-int\debug-windows-x86_64\orbitercore\null.obj
c:\users\ryhan khan\downloads\github\opengl-engine\opengl\bin-int\debug-windows-x86_64\orbitercore\nodeevents.obj
c:\users\ryhan khan\downloads\github\opengl-engine\opengl\bin-int\debug-windows-x86_64\orbitercore\nodebuilder.obj
c:\users\ryhan khan\downloads\github\opengl-engine\opengl\bin-int\debug-windows-x86_64\orbitercore\node.obj
c:\users\ryhan khan\downloads\github\opengl-engine\opengl\bin-int\debug-windows-x86_64\orbitercore\memory.obj
c:\users\ryhan khan\downloads\github\opengl-engine\opengl\bin-int\debug-windows-x86_64\orbitercore\fptostring.obj
c:\users\ryhan khan\downloads\github\opengl-engine\opengl\bin-int\debug-windows-x86_64\orbitercore\exp.obj
c:\users\ryhan khan\downloads\github\opengl-engine\opengl\bin-int\debug-windows-x86_64\orbitercore\exceptions.obj
c:\users\ryhan khan\downloads\github\opengl-engine\opengl\bin-int\debug-windows-x86_64\orbitercore\emitterutils.obj
c:\users\ryhan khan\downloads\github\opengl-engine\opengl\bin-int\debug-windows-x86_64\orbitercore\emitterstate.obj
c:\users\ryhan khan\downloads\github\opengl-engine\opengl\bin-int\debug-windows-x86_64\orbitercore\emitter.obj
c:\users\ryhan khan\downloads\github\opengl-engine\opengl\bin-int\debug-windows-x86_64\orbitercore\emitfromevents.obj
c:\users\ryhan khan\downloads\github\opengl-engine\opengl\bin-int\debug-windows-x86_64\orbitercore\emit.obj
c:\users\ryhan khan\downloads\github\opengl-engine\opengl\bin-int\debug-windows-x86_64\orbitercore\directives.obj
c:\users\ryhan khan\downloads\github\opengl-engine\opengl\bin-int\debug-windows-x86_64\orbitercore\depthguard.obj
c:\users\ryhan khan\downloads\github\opengl-engine\opengl\bin-int\debug-windows-x86_64\orbitercore\convert.obj
c:\users\ryhan khan\downloads\github\opengl-engine\opengl\bin-int\debug-windows-x86_64\orbitercore\graphbuilderadapter.obj
c:\users\ryhan khan\downloads\github\opengl-engine\opengl\bin-int\debug-windows-x86_64\orbitercore\graphbuilder.obj
c:\users\ryhan khan\downloads\github\opengl-engine\opengl\bin-int\debug-windows-x86_64\orbitercore\binary.obj
c:\users\ryhan khan\downloads\github\opengl-engine\opengl\bin-int\debug-windows-x86_64\orbitercore\tag.obj
c:\users\ryhan khan\downloads\github\opengl-engine\opengl\bin-int\debug-windows-x86_64\orbitercore\stream.obj
c:\users\ryhan khan\downloads\github\opengl-engine\opengl\bin-int\debug-windows-x86_64\orbitercore\singledocparser.obj
c:\users\ryhan khan\downloads\github\opengl-engine\opengl\bin-int\debug-windows-x86_64\orbitercore\simplekey.obj
c:\users\ryhan khan\downloads\github\opengl-engine\opengl\bin-int\debug-windows-x86_64\orbitercore\scantoken.obj
c:\users\ryhan khan\downloads\github\opengl-engine\opengl\bin-int\debug-windows-x86_64\orbitercore\scantag.obj
c:\users\ryhan khan\downloads\github\opengl-engine\opengl\bin-int\debug-windows-x86_64\orbitercore\scanscalar.obj
c:\users\ryhan khan\downloads\github\opengl-engine\opengl\bin-int\debug-windows-x86_64\orbitercore\scanner.obj
c:\users\ryhan khan\downloads\github\opengl-engine\opengl\bin-int\debug-windows-x86_64\orbitercore\regex_yaml.obj
c:\users\ryhan khan\downloads\github\opengl-engine\opengl\bin-int\debug-windows-x86_64\orbitercore\parser.obj
c:\users\ryhan khan\downloads\github\opengl-engine\opengl\bin-int\debug-windows-x86_64\orbitercore\parse.obj
c:\users\ryhan khan\downloads\github\opengl-engine\opengl\bin-int\debug-windows-x86_64\orbitercore\ostream_wrapper.obj
c:\users\ryhan khan\downloads\github\opengl-engine\opengl\bin-int\debug-windows-x86_64\orbitercore\application.obj
c:\users\ryhan khan\downloads\github\opengl-engine\opengl\bin-int\debug-windows-x86_64\orbitercore\animationframe.obj
c:\users\ryhan khan\downloads\github\opengl-engine\opengl\bin-int\debug-windows-x86_64\orbitercore\animation.obj
c:\users\ryhan khan\downloads\github\opengl-engine\opengl\bin-int\debug-windows-x86_64\orbitercore\action.obj
c:\users\ryhan khan\downloads\github\opengl-engine\opengl\bin-int\debug-windows-x86_64\orbitercore\audiosource.obj
c:\users\ryhan khan\downloads\github\opengl-engine\opengl\bin-int\debug-windows-x86_64\orbitercore\audiomanager.obj
c:\users\ryhan khan\downloads\github\opengl-engine\opengl\bin-int\debug-windows-x86_64\orbitercore\audiolistener.obj
c:\users\ryhan khan\downloads\github\opengl-engine\opengl\bin-int\debug-windows-x86_64\orbitercore\audiocontext.obj
c:\users\ryhan khan\downloads\github\opengl-engine\opengl\bin-int\debug-windows-x86_64\orbitercore\audiobuffer.obj
c:\users\ryhan khan\downloads\github\opengl-engine\opengl\bin-int\debug-windows-x86_64\orbitercore\stb_image.obj
c:\users\ryhan khan\downloads\github\opengl-engine\opengl\bin-int\debug-windows-x86_64\orbitercore\imgui_widgets.obj
c:\users\ryhan khan\downloads\github\opengl-engine\opengl\bin-int\debug-windows-x86_64\orbitercore\imgui_tables.obj
c:\users\ryhan khan\downloads\github\opengl-engine\opengl\bin-int\debug-windows-x86_64\orbitercore\imgui_stdlib.obj
c:\users\ryhan khan\downloads\github\opengl-engine\opengl\bin-int\debug-windows-x86_64\orbitercore\imgui_impl_opengl3.obj
c:\users\ryhan khan\downloads\github\opengl-engine\opengl\bin-int\debug-windows-x86_64\orbitercore\imgui_impl_glfw.obj
c:\users\ryhan khan\downloads\github\opengl-engine\opengl\bin-int\debug-windows-x86_64\orbitercore\imgui_draw.obj
c:\users\ryhan khan\downloads\github\opengl-engine\opengl\bin-int\debug-windows-x86_64\orbitercore\imgui_demo.obj
c:\users\ryhan khan\downloads\github\opengl-engine\opengl\bin-int\debug-windows-x86_64\orbitercore\imgui.obj
c:\users\ryhan khan\downloads\github\opengl-engine\opengl\bin-int\debug-windows-x86_64\orbitercore\glm.obj
c:\users\ryhan khan\downloads\github\opengl-engine\opengl\bin-int\debug-windows-x86_64\orbitercore\vector.obj
c:\users\ryhan khan\downloads\github\opengl-engine\opengl\bin-int\debug-windows-x86_64\orbitercore\vertexbuffer.obj
c:\users\ryhan khan\downloads\github\opengl-engine\opengl\bin-int\debug-windows-x86_64\orbitercore\vertexarray.obj
c:\users\ryhan khan\downloads\github\opengl-engine\opengl\bin-int\debug-windows-x86_64\orbitercore\texture.obj
c:\users\ryhan khan\downloads\github\opengl-engine\opengl\bin-int\debug-windows-x86_64\orbitercore\shader.obj
c:\users\ryhan khan\downloads\github\opengl-engine\opengl\bin-int\debug-windows-x86_64\orbitercore\indexbuffer.obj
c:\users\ryhan khan\downloads\github\opengl-engine\opengl\bin-int\debug-windows-x86_64\orbitercore\framebuffer.obj
c:\users\ryhan khan\downloads\github\opengl-engine\opengl\bin-int\debug-windows-x86_64\orbitercore\renderer.obj
c:\users\ryhan khan\downloads\github\opengl-engine\opengl\bin-int\debug-windows-x86_64\orbitercore\input.obj
c:\users\ryhan khan\downloads\github\opengl-engine\opengl\bin-int\debug-windows-x86_64\orbitercore\filemanager.obj
c:\users\ryhan khan\downloads\github\opengl-engine\opengl\bin-int\debug-windows-x86_64\orbitercore\debug.obj
c:\users\ryhan khan\downloads\github\opengl-engine\opengl\bin-int\debug-windows-x86_64\orbitercore\tinyfiledialogs.obj
c:\users\ryhan khan\downloads\github\opengl-engine\opengl\bin-int\debug-windows-x86_64\orbitercore\tinyfd_moredialogs.obj
c:\users\ryhan khan\downloads\github\opengl-engine\opengl\bin-int\debug-windows-x86_64\orbitercore\hello_wchar_t.obj
c:\users\ryhan khan\downloads\github\opengl-engine\opengl\bin-int\debug-windows-x86_64\orbitercore\hello.obj
c:\users\ryhan khan\downloads\github\opengl-engine\opengl\bin-int\debug-windows-x86_64\orbitercore\spriterenderer.obj
c:\users\ryhan khan\downloads\github\opengl-engine\opengl\bin-int\debug-windows-x86_64\orbitercore\gameobject.obj
c:\users\ryhan khan\downloads\github\opengl-engine\opengl\bin-int\debug-windows-x86_64\orbitercore\camera.obj
c:\users\ryhan khan\downloads\github\opengl-engine\opengl\bin-int\debug-windows-x86_64\orbitercore\animationplayer.obj
c:\users\ryhan khan\downloads\github\opengl-engine\opengl\bin-int\debug-windows-x86_64\orbitercore\luacontroller.obj
c:\users\ryhan khan\downloads\github\opengl-engine\opengl\bin-int\debug-windows-x86_64\orbitercore\lopcodes.obj
c:\users\ryhan khan\downloads\github\opengl-engine\opengl\bin-int\debug-windows-x86_64\orbitercore\lobject.obj
c:\users\ryhan khan\downloads\github\opengl-engine\opengl\bin-int\debug-windows-x86_64\orbitercore\loadlib.obj
c:\users\ryhan khan\downloads\github\opengl-engine\opengl\bin-int\debug-windows-x86_64\orbitercore\lmem.obj
c:\users\ryhan khan\downloads\github\opengl-engine\opengl\bin-int\debug-windows-x86_64\orbitercore\lmathlib.obj
c:\users\ryhan khan\downloads\github\opengl-engine\opengl\bin-int\debug-windows-x86_64\orbitercore\llex.obj
c:\users\ryhan khan\downloads\github\opengl-engine\opengl\bin-int\debug-windows-x86_64\orbitercore\liolib.obj
c:\users\ryhan khan\downloads\github\opengl-engine\opengl\bin-int\debug-windows-x86_64\orbitercore\linit.obj
c:\users\ryhan khan\downloads\github\opengl-engine\opengl\bin-int\debug-windows-x86_64\orbitercore\lgc.obj
c:\users\ryhan khan\downloads\github\opengl-engine\opengl\bin-int\debug-windows-x86_64\orbitercore\lfunc.obj
c:\users\ryhan khan\downloads\github\opengl-engine\opengl\bin-int\debug-windows-x86_64\orbitercore\ldump.obj
c:\users\ryhan khan\downloads\github\opengl-engine\opengl\bin-int\debug-windows-x86_64\orbitercore\ldo.obj
c:\users\ryhan khan\downloads\github\opengl-engine\opengl\bin-int\debug-windows-x86_64\orbitercore\ldebug.obj
c:\users\ryhan khan\downloads\github\opengl-engine\opengl\bin-int\debug-windows-x86_64\orbitercore\ldblib.obj
c:\users\ryhan khan\downloads\github\opengl-engine\opengl\bin-int\debug-windows-x86_64\orbitercore\lctype.obj
c:\users\ryhan khan\downloads\github\opengl-engine\opengl\bin-int\debug-windows-x86_64\orbitercore\lcorolib.obj
c:\users\ryhan khan\downloads\github\opengl-engine\opengl\bin-int\debug-windows-x86_64\orbitercore\lcode.obj
c:\users\ryhan khan\downloads\github\opengl-engine\opengl\bin-int\debug-windows-x86_64\orbitercore\lbaselib.obj
c:\users\ryhan khan\downloads\github\opengl-engine\opengl\bin-int\debug-windows-x86_64\orbitercore\lauxlib.obj
c:\users\ryhan khan\downloads\github\opengl-engine\opengl\bin-int\debug-windows-x86_64\orbitercore\lapi.obj
c:\users\ryhan khan\downloads\github\opengl-engine\opengl\bin-int\debug-windows-x86_64\orbitercore\lzio.obj
c:\users\ryhan khan\downloads\github\opengl-engine\opengl\bin-int\debug-windows-x86_64\orbitercore\lvm.obj
c:\users\ryhan khan\downloads\github\opengl-engine\opengl\bin-int\debug-windows-x86_64\orbitercore\lutf8lib.obj
c:\users\ryhan khan\downloads\github\opengl-engine\opengl\bin-int\debug-windows-x86_64\orbitercore\lundump.obj
c:\users\ryhan khan\downloads\github\opengl-engine\opengl\bin-int\debug-windows-x86_64\orbitercore\luac.obj
c:\users\ryhan khan\downloads\github\opengl-engine\opengl\bin-int\debug-windows-x86_64\orbitercore\lua.obj
c:\users\ryhan khan\downloads\github\opengl-engine\opengl\bin-int\debug-windows-x86_64\orbitercore\ltm.obj
c:\users\ryhan khan\downloads\github\opengl-engine\opengl\bin-int\debug-windows-x86_64\orbitercore\ltablib.obj
c:\users\ryhan khan\downloads\github\opengl-engine\opengl\bin-int\debug-windows-x86_64\orbitercore\ltable.obj
c:\users\ryhan khan\downloads\github\opengl-engine\opengl\bin-int\debug-windows-x86_64\orbitercore\lstrlib.obj
c:\users\ryhan khan\downloads\github\opengl-engine\opengl\bin-int\debug-windows-x86_64\orbitercore\lstring.obj
c:\users\ryhan khan\downloads\github\opengl-engine\opengl\bin-int\debug-windows-x86_64\orbitercore\lstate.obj
c:\users\ryhan khan\downloads\github\opengl-engine\opengl\bin-int\debug-windows-x86_64\orbitercore\lparser.obj
c:\users\ryhan khan\downloads\github\opengl-engine\opengl\bin-int\debug-windows-x86_64\orbitercore\loslib.obj
c:\users\ryhan khan\downloads\github\opengl-engine\opengl\bin-int\debug-windows-x86_64\orbitercore\script.obj
c:\users\ryhan khan\downloads\github\opengl-engine\opengl\bin-int\debug-windows-x86_64\orbitercore\scriptmanager.obj
c:\users\ryhan khan\downloads\github\opengl-engine\opengl\bin\debug-windows-x86_64\orbitercore\orbitercore.lib
c:\users\ryhan khan\downloads\github\opengl-engine\opengl\bin-int\debug-windows-x86_64\orbitercore\camera2d.obj
c:\users\ryhan khan\downloads\github\opengl-engine\opengl\bin-int\debug-windows-x86_64\orbitercore\character.obj
c:\users\ryhan khan\downloads\github\opengl-engine\opengl\bin-int\debug-windows-x86_64\orbitercore\game.obj
c:\users\ryhan khan\downloads\github\opengl-engine\opengl\bin-int\debug-windows-x86_64\orbitercore\test.obj
c:\users\ryhan khan\downloads\github\opengl-engine\opengl\bin-int\debug-windows-x86_64\orbitercore\testclearcolour.obj
c:\users\ryhan khan\downloads\github\opengl-engine\opengl\bin-int\debug-windows-x86_64\orbitercore\testtexture2d.obj
c:\users\ryhan khan\downloads\github\opengl-engine\opengl\bin-int\debug-windows-x86_64\orbitercore\orbitercore.tlog\cl.command.1.tlog
c:\users\ryhan khan\downloads\github\opengl-engine\opengl\bin-int\debug-windows-x86_64\orbitercore\orbitercore.tlog\cl.items.tlog
c:\users\ryhan khan\downloads\github\opengl-engine\opengl\bin-int\debug-windows-x86_64\orbitercore\orbitercore.tlog\cl.read.1.tlog
c:\users\ryhan khan\downloads\github\opengl-engine\opengl\bin-int\debug-windows-x86_64\orbitercore\orbitercore.tlog\cl.write.1.tlog
c:\users\ryhan khan\downloads\github\opengl-engine\opengl\bin-int\debug-windows-x86_64\orbitercore\orbitercore.tlog\lib.command.1.tlog
c:\users\ryhan khan\downloads\github\opengl-engine\opengl\bin-int\debug-windows-x86_64\orbitercore\orbitercore.tlog\lib.read.1.tlog
c:\users\ryhan khan\downloads\github\opengl-engine\opengl\bin-int\debug-windows-x86_64\orbitercore\orbitercore.tlog\lib.write.1.tlog
