c:\users\ryhan khan\downloads\github\opengl-engine\opengl\bin-int\debug-windows-x86_64\orbitereditor\vc143.pdb
c:\users\ryhan khan\downloads\github\opengl-engine\opengl\bin-int\debug-windows-x86_64\orbitereditor\vc143.idb
c:\users\ryhan khan\downloads\github\opengl-engine\opengl\bin-int\debug-windows-x86_64\orbitereditor\source.obj
c:\users\ryhan khan\downloads\github\opengl-engine\opengl\bin-int\debug-windows-x86_64\orbitereditor\editor.obj
c:\users\ryhan khan\downloads\github\opengl-engine\opengl\bin-int\debug-windows-x86_64\orbitereditor\orbitereditor.ilk
c:\users\ryhan khan\downloads\github\opengl-engine\opengl\bin-int\debug-windows-x86_64\orbitereditor\player.obj
c:\users\ryhan khan\downloads\github\opengl-engine\opengl\bin-int\debug-windows-x86_64\orbitereditor\orbitereditor.tlog\cl.command.1.tlog
c:\users\ryhan khan\downloads\github\opengl-engine\opengl\bin-int\debug-windows-x86_64\orbitereditor\orbitereditor.tlog\cl.items.tlog
c:\users\ryhan khan\downloads\github\opengl-engine\opengl\bin-int\debug-windows-x86_64\orbitereditor\orbitereditor.tlog\cl.read.1.tlog
c:\users\ryhan khan\downloads\github\opengl-engine\opengl\bin-int\debug-windows-x86_64\orbitereditor\orbitereditor.tlog\cl.write.1.tlog
c:\users\ryhan khan\downloads\github\opengl-engine\opengl\bin-int\debug-windows-x86_64\orbitereditor\orbitereditor.tlog\link-cvtres.read.1.tlog
c:\users\ryhan khan\downloads\github\opengl-engine\opengl\bin-int\debug-windows-x86_64\orbitereditor\orbitereditor.tlog\link-cvtres.write.1.tlog
c:\users\ryhan khan\downloads\github\opengl-engine\opengl\bin-int\debug-windows-x86_64\orbitereditor\orbitereditor.tlog\link-rc.read.1.tlog
c:\users\ryhan khan\downloads\github\opengl-engine\opengl\bin-int\debug-windows-x86_64\orbitereditor\orbitereditor.tlog\link-rc.write.1.tlog
c:\users\ryhan khan\downloads\github\opengl-engine\opengl\bin-int\debug-windows-x86_64\orbitereditor\orbitereditor.tlog\link.35988-cvtres.read.1.tlog
c:\users\ryhan khan\downloads\github\opengl-engine\opengl\bin-int\debug-windows-x86_64\orbitereditor\orbitereditor.tlog\link.35988-cvtres.write.1.tlog
c:\users\ryhan khan\downloads\github\opengl-engine\opengl\bin-int\debug-windows-x86_64\orbitereditor\orbitereditor.tlog\link.35988-rc.read.1.tlog
c:\users\ryhan khan\downloads\github\opengl-engine\opengl\bin-int\debug-windows-x86_64\orbitereditor\orbitereditor.tlog\link.35988-rc.write.1.tlog
c:\users\ryhan khan\downloads\github\opengl-engine\opengl\bin-int\debug-windows-x86_64\orbitereditor\orbitereditor.tlog\link.35988.read.1.tlog
c:\users\ryhan khan\downloads\github\opengl-engine\opengl\bin-int\debug-windows-x86_64\orbitereditor\orbitereditor.tlog\link.35988.read.2.tlog
c:\users\ryhan khan\downloads\github\opengl-engine\opengl\bin-int\debug-windows-x86_64\orbitereditor\orbitereditor.tlog\link.35988.read.3.tlog
c:\users\ryhan khan\downloads\github\opengl-engine\opengl\bin-int\debug-windows-x86_64\orbitereditor\orbitereditor.tlog\link.35988.read.4.tlog
c:\users\ryhan khan\downloads\github\opengl-engine\opengl\bin-int\debug-windows-x86_64\orbitereditor\orbitereditor.tlog\link.35988.read.5.tlog
c:\users\ryhan khan\downloads\github\opengl-engine\opengl\bin-int\debug-windows-x86_64\orbitereditor\orbitereditor.tlog\link.35988.write.1.tlog
c:\users\ryhan khan\downloads\github\opengl-engine\opengl\bin-int\debug-windows-x86_64\orbitereditor\orbitereditor.tlog\link.command.1.tlog
c:\users\ryhan khan\downloads\github\opengl-engine\opengl\bin-int\debug-windows-x86_64\orbitereditor\orbitereditor.tlog\link.read.1.tlog
c:\users\ryhan khan\downloads\github\opengl-engine\opengl\bin-int\debug-windows-x86_64\orbitereditor\orbitereditor.tlog\link.read.2.tlog
c:\users\ryhan khan\downloads\github\opengl-engine\opengl\bin-int\debug-windows-x86_64\orbitereditor\orbitereditor.tlog\link.read.3.tlog
c:\users\ryhan khan\downloads\github\opengl-engine\opengl\bin-int\debug-windows-x86_64\orbitereditor\orbitereditor.tlog\link.read.4.tlog
c:\users\ryhan khan\downloads\github\opengl-engine\opengl\bin-int\debug-windows-x86_64\orbitereditor\orbitereditor.tlog\link.read.5.tlog
c:\users\ryhan khan\downloads\github\opengl-engine\opengl\bin-int\debug-windows-x86_64\orbitereditor\orbitereditor.tlog\link.secondary.1.tlog
c:\users\ryhan khan\downloads\github\opengl-engine\opengl\bin-int\debug-windows-x86_64\orbitereditor\orbitereditor.tlog\link.write.1.tlog
