cl : command line  warning D9025: overriding '/MTd' with '/MDd'
  Editor.cpp
C:\Users\Ryhan Khan\Downloads\GitHub\OpenGL-Engine\OpenGL\OrbiterEditor\src\Editor.cpp(142,72): warning C4244: '=': conversion from 'int' to 'float', possible loss of data
C:\Users\Ryhan Khan\Downloads\GitHub\OpenGL-Engine\OpenGL\OrbiterEditor\src\Editor.cpp(242,18): warning C4312: 'type cast': conversion from 'unsigned int' to 'void *' of greater size
C:\Users\Ryhan Khan\Downloads\GitHub\OpenGL-Engine\OpenGL\OrbiterEditor\src\Editor.cpp(295,77): warning C4267: 'argument': conversion from 'size_t' to 'unsigned int', possible loss of data
C:\Users\Ryhan Khan\Downloads\GitHub\OpenGL-Engine\OpenGL\OrbiterEditor\src\Editor.cpp(476,30): warning C4312: 'type cast': conversion from 'unsigned int' to 'void *' of greater size
C:\Users\Ryhan Khan\Downloads\GitHub\OpenGL-Engine\OpenGL\OrbiterEditor\src\Editor.cpp(546,30): warning C4312: 'type cast': conversion from 'unsigned int' to 'void *' of greater size
C:\Users\Ryhan Khan\Downloads\GitHub\OpenGL-Engine\OpenGL\OrbiterEditor\src\Editor.cpp(763,71): warning C4305: 'argument': truncation from 'double' to 'float'
C:\Users\Ryhan Khan\Downloads\GitHub\OpenGL-Engine\OpenGL\OrbiterEditor\src\Editor.cpp(763,64): warning C4305: 'argument': truncation from 'double' to 'float'
C:\Users\Ryhan Khan\Downloads\GitHub\OpenGL-Engine\OpenGL\OrbiterEditor\src\Editor.cpp(763,57): warning C4305: 'argument': truncation from 'double' to 'float'
C:\Users\Ryhan Khan\Downloads\GitHub\OpenGL-Engine\OpenGL\OrbiterEditor\src\Editor.cpp(822,56): warning C4244: 'initializing': conversion from 'GLuint64' to 'unsigned int', possible loss of data
C:\Users\Ryhan Khan\Downloads\GitHub\OpenGL-Engine\OpenGL\OrbiterEditor\src\Editor.cpp(823,48): warning C4267: 'initializing': conversion from 'size_t' to 'int', possible loss of data
C:\Users\Ryhan Khan\Downloads\GitHub\OpenGL-Engine\OpenGL\OrbiterEditor\src\Editor.cpp(830,49): warning C4244: '=': conversion from 'GLuint64' to 'unsigned int', possible loss of data
C:\Users\Ryhan Khan\Downloads\GitHub\OpenGL-Engine\OpenGL\OrbiterEditor\src\Editor.cpp(834,49): warning C4244: '=': conversion from 'GLuint64' to 'unsigned int', possible loss of data
C:\Users\Ryhan Khan\Downloads\GitHub\OpenGL-Engine\OpenGL\OrbiterEditor\src\Editor.cpp(838,49): warning C4244: '=': conversion from 'GLuint64' to 'unsigned int', possible loss of data
C:\Users\Ryhan Khan\Downloads\GitHub\OpenGL-Engine\OpenGL\OrbiterEditor\src\Editor.cpp(842,49): warning C4244: '=': conversion from 'GLuint64' to 'unsigned int', possible loss of data
C:\Users\Ryhan Khan\Downloads\GitHub\OpenGL-Engine\OpenGL\OrbiterEditor\src\Editor.cpp(846,52): warning C4312: 'type cast': conversion from 'unsigned int' to 'void *' of greater size
C:\Users\Ryhan Khan\Downloads\GitHub\OpenGL-Engine\OpenGL\OrbiterEditor\src\Editor.cpp(920,37): warning C4267: 'initializing': conversion from 'size_t' to 'int', possible loss of data
C:\Users\Ryhan Khan\Downloads\GitHub\OpenGL-Engine\OpenGL\OrbiterEditor\src\Editor.cpp(921,42): warning C4267: 'initializing': conversion from 'size_t' to 'int', possible loss of data
C:\Users\Ryhan Khan\Downloads\GitHub\OpenGL-Engine\OpenGL\OrbiterEditor\src\Editor.cpp(1230,79): warning C4305: 'argument': truncation from 'double' to 'float'
C:\Users\Ryhan Khan\Downloads\GitHub\OpenGL-Engine\OpenGL\OrbiterEditor\src\Editor.cpp(1600,87): warning C4244: 'argument': conversion from 'double' to 'float', possible loss of data
C:\Program Files\Microsoft Visual Studio\2022\Community\VC\Tools\MSVC\14.44.35207\include\memory(3630,56): warning C4267: 'argument': conversion from 'size_t' to 'unsigned int', possible loss of data
  (compiling source file 'src/Editor.cpp')
      C:\Program Files\Microsoft Visual Studio\2022\Community\VC\Tools\MSVC\14.44.35207\include\memory(3630,56):
      the template instantiation context (the oldest one first) is
          C:\Users\Ryhan Khan\Downloads\GitHub\OpenGL-Engine\OpenGL\OrbiterEditor\src\Editor.cpp(63,26):
          see reference to function template instantiation 'std::unique_ptr<VertexBuffer,std::default_delete<VertexBuffer>> std::make_unique<VertexBuffer,size_t,0>(size_t &&)' being compiled
  
  Source.cpp
  Generating Code...
  OrbiterEditor.vcxproj -> C:\Users\Ryhan Khan\Downloads\GitHub\OpenGL-Engine\OpenGL\bin\Debug-windows-x86_64\OrbiterEditor\OrbiterEditor.exe
